result: |
  | key1 | key2 | key3 | key4 |
  | --- | --- | --- | --- |
  |  | value12 | value13 | value14 |
  | value21 |  | value23 | value24 |
  | value31 | value32 |  | value34 |
  | value41 | value42 |  |  |
