files:
  _test_inventory/SANDBOX/host_vars/test123.dev.site1.example.int.yml:
    appname: test123
    env: dev
    site: site1
  _test_inventory/SANDBOX/host_vars/test123.qa.site1.example.int.yml:
    appname: test123
    env: qa
    site: site1
  _test_inventory/SANDBOX/host_vars/vmlnx123.qa.site1.example.int.yml:
    os_node: bronze
    service_domains:
    - app123.qa.example.int
  _test_inventory/SANDBOX/host_vars/vmlnx124.qa.site1.example.int.yml:
    is_veeam_backup_server: true
    os_node: silver
    service_domains:
    - app124.qa.example.int
    - backups.qa.example.int
  _test_inventory/SANDBOX/hosts.yml:
    all:
      children:
        ansible_localhost:
          children:
            ansible_controller_iam: {}
            ansible_localhost_iam: {}
        environment_test:
          hosts:
            admin01.qa.site1.example.int: {}
            admin02.qa.site1.example.int: {}
            app01.qa.site1.example.int: {}
            app02.qa.site1.example.int: {}
            web01.qa.site1.example.int: {}
            web02.qa.site1.example.int: {}
          vars:
            trace_var: group_vars/environment_test
        ldap_client:
          hosts:
            vmlnx123.qa.site1.example.int: {}
            vmlnx124.qa.site1.example.int: {}
        location_site1:
          hosts:
            admin01.qa.site1.example.int: {}
            admin02.qa.site1.example.int: {}
            app01.qa.site1.example.int: {}
            app02.qa.site1.example.int: {}
            web01.qa.site1.example.int: {}
            web02.qa.site1.example.int: {}
          vars:
            trace_var: group_vars/location_site1
        network_internal:
          hosts:
            admin01.qa.site1.example.int: {}
            admin02.qa.site1.example.int: {}
            app01.qa.site1.example.int: {}
            app02.qa.site1.example.int: {}
            web01.qa.site1.example.int: {}
            web02.qa.site1.example.int: {}
          vars:
            trace_var: group_vars/network_internal
        nfs_client:
          hosts:
            vmlnx124.qa.site1.example.int: {}
        ntp_client:
          hosts:
            vmlnx123.qa.site1.example.int: {}
            vmlnx124.qa.site1.example.int: {}
        rhel6:
          hosts:
            admin01.qa.site1.example.int: {}
          vars:
            trace_var: group_vars/rhel6
        rhel7:
          hosts:
            admin02.qa.site1.example.int: {}
            app01.qa.site1.example.int: {}
            app02.qa.site1.example.int: {}
            web01.qa.site1.example.int: {}
            web02.qa.site1.example.int: {}
          vars:
            trace_var: group_vars/rhel7
        ungrouped: {}
        vmware_flavor_medium:
          hosts:
            vmlnx123.qa.site1.example.int: {}
            vmlnx124.qa.site1.example.int: {}
      hosts:
        admin01.qa.site1.example.int:
          trace_var: host_vars/admin01.qa.site1.example.int
        admin02.qa.site1.example.int:
          trace_var: host_vars/admin02.qa.site1.example.int
        app01.qa.site1.example.int:
          trace_var: host_vars/app01.qa.site1.example.int
        app02.qa.site1.example.int:
          trace_var: host_vars/app02.qa.site1.example.int
        web01.qa.site1.example.int:
          provisioning_data:
            jira_id: INFRA-1101
          trace_var: host_vars/web01.qa.site1.example.int
        web02.qa.site1.example.int:
          provisioning_data:
            infra_group: DCC
            jira_id: INFRA-1102
          trace_var: host_vars/web02.qa.site1.example.int
