result: |
  | key1 | key2 | key3 | key4 |
  | --- | --- | --- | --- |
  | båz | value12 | value13 | value14 |
  | value21 | ﬀöø | value23 | value24 |
  | value31 | value32 | ḃâŗ | value34 |
  | value41 | value42 | ﬀöø | båz |
