result:
  administrator-10.21.33.8:
    automatic_management_enabled: true
    domain_type: local
    groups:
      - Administrators
    managed: true
    safe: Windows-Server-Local-Admin
  administrator-10.31.25.54:
    automatic_management_enabled: true
    domain_type: local
    groups:
      - Administrators
    managed: true
    safe: Windows-Server-Local-Admin
  careconlocal-10.21.33.8:
    automatic_management_enabled: true
    domain_type: local
    safe: A-T-careconlocal
  careconlocal-10.31.25.54:
    automatic_management_enabled: true
    domain_type: local
    safe: A-T-careconlocal
