files:
  vars/tests/export_dicts/testdata_01.yml: |
    ---
    test_description: "CSV test"
    test_file_format: "csv"

  vars/tests/export_dicts/testdata_02.yml: |
    ---
    test_description: "CSV test - empty key value"
    test_file_format: "csv"

  vars/tests/export_dicts/testdata_03.yml: |
    ---
    test_description: "CSV test - encoded string values"

  vars/tests/export_dicts/testdata_04.yml: |
    ---
    test_description: "CSV test - export with specified columns"

  vars/tests/git_acp/testdata_01.yml: |
    ---
    test_description: "SSH - NO-OP - expect result with changed: false"

  vars/tests/git_acp/testdata_02.yml: |
    ---
    test_description: "SSH - add test file"

  vars/tests/git_acp/testdata_03.yml: |
    ---
    test_description: "SSH - add test file with explicit `add` path"

