files:
  _test_inventory/DEV/hosts.yml:
    all:
      children:
        app_foobar_dev:
          hosts:
            foobar01.dev.example.int: {}
  _test_inventory/group_vars/admin_qa_site1.yml:
    infra_group: DCC
  _test_inventory/group_vars/ldap_server.yml:
    {}
  _test_inventory/group_vars/nfs_server.yml:
    {}
  _test_inventory/group_vars/ntp_server.yml:
    {}
  _test_inventory/group_vars/vmware_flavor_large.yml:
    {}
  _test_inventory/PROD/hosts.yml:
    all:
      children:
        app_foobar_prod:
          hosts:
            foobar01.prod.example.int: {}
  _test_inventory/QA/hosts.yml:
    all:
      children:
        app_foobar_qa:
          hosts:
            foobar01.qa.example.int: {}
  _test_inventory/SANDBOX/hosts.yml:
    all:
      children:
        ansible_localhost:
          children:
            ansible_controller_iam: {}
            ansible_localhost_iam: {}
        environment_test:
          hosts:
            admin01.qa.site1.example.int: {}
            admin02.qa.site1.example.int: {}
            app01.qa.site1.example.int: {}
            app02.qa.site1.example.int: {}
            web01.qa.site1.example.int: {}
            web02.qa.site1.example.int: {}
          vars:
            trace_var: group_vars/environment_test
        ldap_server:
          children:
            admin_qa_site1: {}
        location_site1:
          hosts:
            admin01.qa.site1.example.int: {}
            admin02.qa.site1.example.int: {}
            app01.qa.site1.example.int: {}
            app02.qa.site1.example.int: {}
            web01.qa.site1.example.int: {}
            web02.qa.site1.example.int: {}
          vars:
            trace_var: group_vars/location_site1
        network_internal:
          hosts:
            admin01.qa.site1.example.int: {}
            admin02.qa.site1.example.int: {}
            app01.qa.site1.example.int: {}
            app02.qa.site1.example.int: {}
            web01.qa.site1.example.int: {}
            web02.qa.site1.example.int: {}
          vars:
            trace_var: group_vars/network_internal
        nfs_server:
          children:
            admin_qa_site1: {}
        ntp_server:
          children:
            admin_qa_site1: {}
        rhel6:
          hosts:
            admin01.qa.site1.example.int: {}
          vars:
            trace_var: group_vars/rhel6
        rhel7:
          hosts:
            admin02.qa.site1.example.int: {}
            app01.qa.site1.example.int: {}
            app02.qa.site1.example.int: {}
            web01.qa.site1.example.int: {}
            web02.qa.site1.example.int: {}
          vars:
            trace_var: group_vars/rhel7
        ungrouped: {}
        vmware_flavor_large:
          children:
            admin_qa_site1: {}
      hosts:
        admin01.qa.site1.example.int:
          trace_var: host_vars/admin01.qa.site1.example.int
        admin02.qa.site1.example.int:
          trace_var: host_vars/admin02.qa.site1.example.int
        app01.qa.site1.example.int:
          trace_var: host_vars/app01.qa.site1.example.int
        app02.qa.site1.example.int:
          trace_var: host_vars/app02.qa.site1.example.int
        web01.qa.site1.example.int:
          provisioning_data:
            jira_id: PR-1101
          trace_var: host_vars/web01.qa.site1.example.int
        web02.qa.site1.example.int:
          provisioning_data:
            infra_group: DCC
            jira_id: PR-1102
          trace_var: host_vars/web02.qa.site1.example.int
symlinks:
  - _test_inventory/DEV/group_vars/admin_qa_site1.yml
  - _test_inventory/DEV/group_vars/ldap_server.yml
  - _test_inventory/DEV/group_vars/nfs_server.yml
  - _test_inventory/DEV/group_vars/ntp_server.yml
  - _test_inventory/DEV/group_vars/vmware_flavor_large.yml
  - _test_inventory/PROD/group_vars/admin_qa_site1.yml
  - _test_inventory/PROD/group_vars/ldap_server.yml
  - _test_inventory/PROD/group_vars/nfs_server.yml
  - _test_inventory/PROD/group_vars/ntp_server.yml
  - _test_inventory/PROD/group_vars/vmware_flavor_large.yml
  - _test_inventory/QA/group_vars/admin_qa_site1.yml
  - _test_inventory/QA/group_vars/ldap_server.yml
  - _test_inventory/QA/group_vars/nfs_server.yml
  - _test_inventory/QA/group_vars/ntp_server.yml
  - _test_inventory/QA/group_vars/vmware_flavor_large.yml
  - _test_inventory/SANDBOX/group_vars/admin_qa_site1.yml
  - _test_inventory/SANDBOX/group_vars/ldap_server.yml
  - _test_inventory/SANDBOX/group_vars/nfs_server.yml
  - _test_inventory/SANDBOX/group_vars/ntp_server.yml
  - _test_inventory/SANDBOX/group_vars/vmware_flavor_large.yml
