foobar123.yml:
  all:
    children:
      admin_qa_site1:
        vars:
          infra_group: DCC
    hosts:
      admin01.qa.site1.example.int:
        trace_var: host_vars/admin01.qa.site1.example.int
      admin02.qa.site1.example.int:
        trace_var: host_vars/admin02.qa.site1.example.int
      app01.qa.site1.example.int:
        trace_var: host_vars/app01.qa.site1.example.int
      app02.qa.site1.example.int:
        trace_var: host_vars/app02.qa.site1.example.int
      vmlnx123.qa.site1.example.int:
        provisioning_data:
          infra_group: AIM
      vmlnx124.qa.site1.example.int:
        provisioning_data:
          infra_group: AIM
      web01.qa.site1.example.int:
        provisioning_data:
          jira_id: AIM-1101
        trace_var: host_vars/web01.qa.site1.example.int
      web02.qa.site1.example.int:
        provisioning_data:
          infra_group: DCC
          jira_id: AIM-1102
        trace_var: host_vars/web02.qa.site1.example.int
