result:
  - address: 10.31.25.54
    automatic_management_enabled: true
    domain_type: local
    platform_account_type: recon
    platform_id: WND-Local-Managed-DMZ
    platform_logon_domain: 10.31.25.54
    platform_notes: WINANSD1S4.example.int
    safe: A-T-careconlocal
    username: careconlocal
  - address: 10.31.25.54
    automatic_management_enabled: true
    domain_type: local
    groups:
      - Administrators
    local_admin_username: administrator
    managed: true
    platform_account_type: platform
    platform_id: WND-Local-Managed-DMZ
    platform_logon_domain: 10.31.25.54
    platform_notes: WINANSD1S4.example.int
    safe: Windows-Server-Local-Admin
    username: administrator
  - address: 10.21.33.8
    automatic_management_enabled: true
    domain_type: local
    platform_account_type: recon
    platform_id: WND-Local-Managed-DMZ
    platform_logon_domain: 10.21.33.8
    platform_notes: WINANSD1S1.example.int
    safe: A-T-careconlocal
    username: careconlocal
  - address: 10.21.33.8
    automatic_management_enabled: true
    domain_type: local
    groups:
      - Administrators
    local_admin_username: administrator
    managed: true
    platform_account_type: platform
    platform_id: WND-Local-Managed-DMZ
    platform_logon_domain: 10.21.33.8
    platform_notes: WINANSD1S1.example.int
    safe: Windows-Server-Local-Admin
    username: administrator
