files:
  group_vars/app123.yml: |
    appname: app123
