files:
  _test_inventory/group_vars/admin_qa_site1.yml:
    infra_group: DCC
  _test_inventory/group_vars/ldap_client.yml:
    {}
  _test_inventory/group_vars/ldap_server.yml:
    {}
  _test_inventory/group_vars/nfs_client.yml:
    {}
  _test_inventory/group_vars/nfs_server.yml:
    {}
  _test_inventory/group_vars/ntp_client.yml:
    {}
  _test_inventory/group_vars/ntp_server.yml:
    {}
  _test_inventory/group_vars/ocp_common.yml:
    ocp_namespace_configuration:
    - name1
    - name2
  _test_inventory/group_vars/ocp_dev_s1.yml:
    ocp_environment: dev
    ocp_site: s1
  _test_inventory/group_vars/ocp_dev_s4.yml:
    ocp_environment: dev
    ocp_site: s4
  _test_inventory/group_vars/ocp_prod_s1.yml:
    ocp_environment: prod
    ocp_site: s1
  _test_inventory/group_vars/ocp_prod_s4.yml:
    ocp_environment: prod
    ocp_site: s4
  _test_inventory/group_vars/ocp_qa_s1.yml:
    ocp_environment: qa
    ocp_site: s1
  _test_inventory/group_vars/ocp_qa_s4.yml:
    ocp_environment: qa
    ocp_site: s4
  _test_inventory/group_vars/vmware_flavor_large.yml:
    {}
  _test_inventory/group_vars/vmware_flavor_small.yml:
    {}
  _test_inventory/group_vars/web_server.yml:
    {}
  _test_inventory/group_vars/webapp01_qa_site1.yml:
    app_version: 2023086
  _test_inventory/group_vars/webapp02_qa_site1.yml:
    app_version: 2023086
  _test_inventory/SANDBOX/hosts.yml:
    all:
      children:
        admin_qa_site1: {}
        ansible_localhost:
          children:
            ansible_controller_iam: {}
            ansible_localhost_iam: {}
        environment_test:
          hosts:
            admin01.qa.site1.example.int: {}
            admin02.qa.site1.example.int: {}
            app01.qa.site1.example.int: {}
            app02.qa.site1.example.int: {}
            web01.qa.site1.example.int: {}
            web02.qa.site1.example.int: {}
          vars:
            trace_var: group_vars/environment_test
        ldap_client:
          children:
            webapp01_qa_site1: {}
            webapp02_qa_site1: {}
        ldap_server:
          children:
            admin_qa_site1: {}
        location_site1:
          hosts:
            admin01.qa.site1.example.int: {}
            admin02.qa.site1.example.int: {}
            app01.qa.site1.example.int: {}
            app02.qa.site1.example.int: {}
            web01.qa.site1.example.int: {}
            web02.qa.site1.example.int: {}
          vars:
            trace_var: group_vars/location_site1
        network_internal:
          hosts:
            admin01.qa.site1.example.int: {}
            admin02.qa.site1.example.int: {}
            app01.qa.site1.example.int: {}
            app02.qa.site1.example.int: {}
            web01.qa.site1.example.int: {}
            web02.qa.site1.example.int: {}
          vars:
            trace_var: group_vars/network_internal
        nfs_client:
          children:
            webapp01_qa_site1: {}
            webapp02_qa_site1: {}
        nfs_server:
          children:
            admin_qa_site1: {}
        ntp_client:
          children:
            webapp01_qa_site1: {}
            webapp02_qa_site1: {}
        ntp_server:
          children:
            admin_qa_site1: {}
        ocp_common:
          children:
            ocp_dev_s1: {}
            ocp_dev_s4: {}
            ocp_prod_s1: {}
            ocp_prod_s4: {}
            ocp_qa_s1: {}
            ocp_qa_s4: {}
        ocp_dev_s1: {}
        ocp_dev_s4: {}
        ocp_prod_s1: {}
        ocp_prod_s4: {}
        ocp_qa_s1: {}
        ocp_qa_s4: {}
        rhel6:
          hosts:
            admin01.qa.site1.example.int: {}
          vars:
            trace_var: group_vars/rhel6
        rhel7:
          hosts:
            admin02.qa.site1.example.int: {}
            app01.qa.site1.example.int: {}
            app02.qa.site1.example.int: {}
            web01.qa.site1.example.int: {}
            web02.qa.site1.example.int: {}
          vars:
            trace_var: group_vars/rhel7
        ungrouped: {}
        vmware_flavor_large:
          children:
            admin_qa_site1: {}
        vmware_flavor_small:
          children:
            webapp01_qa_site1: {}
            webapp02_qa_site1: {}
        web_server:
          children:
            webapp01_qa_site1: {}
            webapp02_qa_site1: {}
        webapp01_qa_site1: {}
        webapp02_qa_site1: {}
      hosts:
        admin01.qa.site1.example.int:
          trace_var: host_vars/admin01.qa.site1.example.int
        admin02.qa.site1.example.int:
          trace_var: host_vars/admin02.qa.site1.example.int
        app01.qa.site1.example.int:
          trace_var: host_vars/app01.qa.site1.example.int
        app02.qa.site1.example.int:
          trace_var: host_vars/app02.qa.site1.example.int
        web01.qa.site1.example.int:
          provisioning_data:
            jira_id: PR-1101
          trace_var: host_vars/web01.qa.site1.example.int
        web02.qa.site1.example.int:
          provisioning_data:
            infra_group: DCC
            jira_id: PR-1102
          trace_var: host_vars/web02.qa.site1.example.int
symlinks:
  - _test_inventory/SANDBOX/group_vars/admin_qa_site1.yml
  - _test_inventory/SANDBOX/group_vars/ldap_client.yml
  - _test_inventory/SANDBOX/group_vars/ldap_server.yml
  - _test_inventory/SANDBOX/group_vars/nfs_client.yml
  - _test_inventory/SANDBOX/group_vars/nfs_server.yml
  - _test_inventory/SANDBOX/group_vars/ntp_client.yml
  - _test_inventory/SANDBOX/group_vars/ntp_server.yml
  - _test_inventory/SANDBOX/group_vars/ocp_common.yml
  - _test_inventory/SANDBOX/group_vars/ocp_dev_s1.yml
  - _test_inventory/SANDBOX/group_vars/ocp_dev_s4.yml
  - _test_inventory/SANDBOX/group_vars/ocp_prod_s1.yml
  - _test_inventory/SANDBOX/group_vars/ocp_prod_s4.yml
  - _test_inventory/SANDBOX/group_vars/ocp_qa_s1.yml
  - _test_inventory/SANDBOX/group_vars/ocp_qa_s4.yml
  - _test_inventory/SANDBOX/group_vars/vmware_flavor_large.yml
  - _test_inventory/SANDBOX/group_vars/vmware_flavor_small.yml
  - _test_inventory/SANDBOX/group_vars/web_server.yml
  - _test_inventory/SANDBOX/group_vars/webapp01_qa_site1.yml
  - _test_inventory/SANDBOX/group_vars/webapp02_qa_site1.yml
